fatfs_sd.c:26:13:SELECT	8	static
fatfs_sd.c:32:13:DESELECT	8	static
fatfs_sd.c:38:13:SPI_TxByte	16	static
fatfs_sd.c:45:16:SPI_RxByte	24	static
fatfs_sd.c:58:13:SPI_RxBytePtr	16	static
fatfs_sd.c:64:16:SD_ReadyWait	16	static
fatfs_sd.c:83:13:SD_PowerOn	32	static
fatfs_sd.c:126:13:SD_PowerOff	4	static
fatfs_sd.c:132:16:SD_CheckPower	4	static
fatfs_sd.c:139:13:SD_RxDataBlock	24	static
fatfs_sd.c:171:13:SD_TxDataBlock	24	static
fatfs_sd.c:222:13:SD_SendCmd	24	static
fatfs_sd.c:268:9:SD_disk_initialize	32	static
fatfs_sd.c:371:9:SD_disk_status	16	static
fatfs_sd.c:380:9:SD_disk_read	24	static
fatfs_sd.c:424:9:SD_disk_write	24	static
fatfs_sd.c:479:9:SD_disk_ioctl	56	static
