main.c:109:5:main	8	static
main.c:228:6:SystemClock_Config	88	static
main.c:272:13:MX_I2C1_Init	8	static
main.c:306:13:MX_SPI1_Init	8	static
main.c:344:13:MX_TIM10_Init	8	static
main.c:375:13:MX_USART2_UART_Init	8	static
main.c:408:13:MX_GPIO_Init	40	static
main.c:473:6:HAL_GPIO_EXTI_Callback	16	static
main.c:487:6:HAL_UART_RxCpltCallback	16	static
main.c:491:6:HAL_TIM_PeriodElapsedCallback	16	static
main.c:496:6:geigerCounter	24	static
main.c:508:6:readgpsTime	16	static
main.c:522:6:setTimeZone	8	static
main.c:561:6:radiationScreen	24	static
main.c:576:6:timedateScreen	24	static
main.c:595:6:gpsinfoScreen	24	static
main.c:629:6:generalScreen	24	static
main.c:650:6:standBy	8	static
main.c:696:6:Error_Handler	4	static
