main.c:109:5:main	8	static
main.c:229:6:SystemClock_Config	88	static
main.c:273:13:MX_I2C1_Init	8	static
main.c:307:13:MX_SPI1_Init	8	static
main.c:345:13:MX_TIM10_Init	8	static
main.c:376:13:MX_USART2_UART_Init	8	static
main.c:409:13:MX_GPIO_Init	40	static
main.c:474:6:HAL_GPIO_EXTI_Callback	16	static
main.c:488:6:HAL_UART_RxCpltCallback	16	static
main.c:492:6:HAL_TIM_PeriodElapsedCallback	16	static
main.c:497:6:geigerCounter	24	static
main.c:509:6:readgpsTime	16	static
main.c:523:6:setTimeZone	8	static
main.c:562:6:radiationScreen	24	static
main.c:577:6:timedateScreen	24	static
main.c:596:6:gpsinfoScreen	24	static
main.c:630:6:generalScreen	24	static
main.c:651:6:standBy	8	static
main.c:697:6:Error_Handler	4	static
